[INFO] Scanning for projects...
Downloading from spring-releases: https://repo.spring.io/release/org/slf4j/slf4j-api/maven-metadata.xml
[WARNING] Could not transfer metadata org.slf4j:slf4j-api/maven-metadata.xml from/to spring-releases (https://repo.spring.io/release): status code: 401, reason phrase:  (401)
[WARNING] org.slf4j:slf4j-api/maven-metadata.xml failed to transfer from https://repo.spring.io/release during a previous attempt. This failure was cached in the local repository and resolution will not be reattempted until the update interval of spring-releases has elapsed or updates are forced. Original error: Could not transfer metadata org.slf4j:slf4j-api/maven-metadata.xml from/to spring-releases (https://repo.spring.io/release): status code: 401, reason phrase:  (401)
[WARNING] org.slf4j:slf4j-api/maven-metadata.xml failed to transfer from https://repo.spring.io/release during a previous attempt. This failure was cached in the local repository and resolution will not be reattempted until the update interval of spring-releases has elapsed or updates are forced. Original error: Could not transfer metadata org.slf4j:slf4j-api/maven-metadata.xml from/to spring-releases (https://repo.spring.io/release): status code: 401, reason phrase:  (401)
[WARNING] org.slf4j:slf4j-api/maven-metadata.xml failed to transfer from https://repo.spring.io/release during a previous attempt. This failure was cached in the local repository and resolution will not be reattempted until the update interval of spring-releases has elapsed or updates are forced. Original error: Could not transfer metadata org.slf4j:slf4j-api/maven-metadata.xml from/to spring-releases (https://repo.spring.io/release): status code: 401, reason phrase:  (401)
[WARNING] org.slf4j:slf4j-api/maven-metadata.xml failed to transfer from https://repo.spring.io/release during a previous attempt. This failure was cached in the local repository and resolution will not be reattempted until the update interval of spring-releases has elapsed or updates are forced. Original error: Could not transfer metadata org.slf4j:slf4j-api/maven-metadata.xml from/to spring-releases (https://repo.spring.io/release): status code: 401, reason phrase:  (401)
[WARNING] org.slf4j:slf4j-api/maven-metadata.xml failed to transfer from https://repo.spring.io/release during a previous attempt. This failure was cached in the local repository and resolution will not be reattempted until the update interval of spring-releases has elapsed or updates are forced. Original error: Could not transfer metadata org.slf4j:slf4j-api/maven-metadata.xml from/to spring-releases (https://repo.spring.io/release): status code: 401, reason phrase:  (401)
[WARNING] Could not transfer metadata org.slf4j:slf4j-api/maven-metadata.xml from/to maven-default-http-blocker (http://0.0.0.0/): Blocked mirror for repositories: [apache.snapshots (http://repository.apache.org/snapshots, default, snapshots)]
[INFO] 
[INFO] ------------------< com.fooddelivery:mapsintegration >------------------
[INFO] Building mapsintegration 0.0.1-SNAPSHOT
[INFO]   from pom.xml
[INFO] --------------------------------[ jar ]---------------------------------
[INFO] 
[INFO] --- resources:3.3.1:resources (default-resources) @ mapsintegration ---
[INFO] Copying 1 resource from src/main/resources to target/classes
[INFO] Copying 4 resources from src/main/resources to target/classes
[INFO] 
[INFO] --- compiler:3.13.0:compile (default-compile) @ mapsintegration ---
[INFO] Nothing to compile - all classes are up to date.
[INFO] 
[INFO] --- spring-cloud-contract:4.1.2:generateTests (default-generateTests) @ mapsintegration ---
[INFO] Generating server tests source code for Spring Cloud Contract Verifier contract verification
[INFO] Will use contracts provided in the folder [/Users/parthureddy/Documents/Food Delivery.nosync/MapsIntegration/src/test/resources/contracts]
[INFO] Directory with contract is present at [/Users/parthureddy/Documents/Food Delivery.nosync/MapsIntegration/src/test/resources/contracts]
[INFO] Nothing to generate - all classes are up to date
[INFO] 
[INFO] --- exec:3.1.0:exec (check-stale-contracts) @ mapsintegration ---
[INFO] 
[INFO] --- spring-cloud-contract:4.1.2:convert (default-convert) @ mapsintegration ---
[INFO] Will use contracts provided in the folder [/Users/parthureddy/Documents/Food Delivery.nosync/MapsIntegration/src/test/resources/contracts]
[INFO] Nothing to generate - all stubs are up to date
[INFO] 
[INFO] --- resources:3.3.1:testResources (default-testResources) @ mapsintegration ---
[INFO] Copying 4 resources from src/test/resources to target/test-classes
[INFO] 
[INFO] --- compiler:3.13.0:testCompile (default-testCompile) @ mapsintegration ---
[INFO] Recompiling the module because of changed source code.
[INFO] Compiling 10 source files with javac [forked debug parameters release 17] to target/test-classes
[INFO] -------------------------------------------------------------
[ERROR] COMPILATION ERROR : 
[INFO] -------------------------------------------------------------
[ERROR] WARNING: A terminally deprecated method in sun.misc.Unsafe has been called
WARNING: sun.misc.Unsafe:objectFieldOffset has been called by lombok.permit.Permit
WARNING: Please consider reporting this to the maintainers of class lombok.permit.Permit
WARNING: sun.misc.Unsafe:objectFieldOffset will be removed in a future release
WARNING: Final field fileManager in class com.sun.tools.javac.jvm.ClassWriter has been mutated reflectively by class lombok.permit.Permit in unnamed module @72bca894
WARNING: Use --enable-final-field-mutation=ALL-UNNAMED to avoid a warning
WARNING: Mutating final fields will be blocked in a future release unless final field mutation is enabled
/Users/parthureddy/Documents/Food Delivery.nosync/MapsIntegration/src/test/java/com/fooddelivery/mapsintegration/OpenApiGenerationTest.java:[94,506] error: cannot find symbol
  symbol:   class ManagementReactiveSecurityAutoConfiguration
  location: package org.springframework.boot.actuate.autoconfigure.security.reactive
[INFO] 1 error
[INFO] -------------------------------------------------------------
[INFO] ------------------------------------------------------------------------
[INFO] BUILD FAILURE
[INFO] ------------------------------------------------------------------------
[INFO] Total time:  36.524 s
[INFO] Finished at: 2026-08-25T15:52:55+05:30
[INFO] ------------------------------------------------------------------------
[ERROR] Failed to execute goal org.apache.maven.plugins:maven-compiler-plugin:3.13.0:testCompile (default-testCompile) on project mapsintegration: Compilation failure
[ERROR] WARNING: A terminally deprecated method in sun.misc.Unsafe has been called
[ERROR] WARNING: sun.misc.Unsafe:objectFieldOffset has been called by lombok.permit.Permit
[ERROR] WARNING: Please consider reporting this to the maintainers of class lombok.permit.Permit
[ERROR] WARNING: sun.misc.Unsafe:objectFieldOffset will be removed in a future release
[ERROR] WARNING: Final field fileManager in class com.sun.tools.javac.jvm.ClassWriter has been mutated reflectively by class lombok.permit.Permit in unnamed module @72bca894
[ERROR] WARNING: Use --enable-final-field-mutation=ALL-UNNAMED to avoid a warning
[ERROR] WARNING: Mutating final fields will be blocked in a future release unless final field mutation is enabled
[ERROR] /Users/parthureddy/Documents/Food Delivery.nosync/MapsIntegration/src/test/java/com/fooddelivery/mapsintegration/OpenApiGenerationTest.java:[94,506] error: cannot find symbol
[ERROR]   symbol:   class ManagementReactiveSecurityAutoConfiguration
[ERROR]   location: package org.springframework.boot.actuate.autoconfigure.security.reactive
[ERROR] 
[ERROR] -> [Help 1]
[ERROR] 
[ERROR] To see the full stack trace of the errors, re-run Maven with the -e switch.
[ERROR] Re-run Maven using the -X switch to enable full debug logging.
[ERROR] 
[ERROR] For more information about the errors and possible solutions, please read the following articles:
[ERROR] [Help 1] http://cwiki.apache.org/confluence/display/MAVEN/MojoFailureException

